// Jest Snapshot v1, https://goo.gl/fbAQLP

exports[`Get breakpoint should return the current breakpoint 1`] = `"xl"`;
