// Jest Snapshot v1, https://goo.gl/fbAQLP

exports[`Debugger should render with current screen %s 1`] = `
.grid-6 {
  position: fixed;
  top: 0;
  left: 0;
  right: 0;
  bottom: 0;
  z-index: 10000;
  overflow: hidden;
  pointer-events: none;
  -webkit-transform-origin: 50% 0%;
  -ms-transform-origin: 50% 0%;
  transform-origin: 50% 0%;
}

.grid-6 .grid-5 {
  height: 100%;
  opacity: 0;
  -webkit-transition: opacity 0.2s;
  transition: opacity 0.2s;
}

.grid-6 .grid-3 {
  height: 100%;
  background: rgba(4,112,245,0.05);
}

.grid-6 .grid-1 {
  height: 100%;
}

.grid-6 .grid-1 > div {
  position: relative;
  width: 100%;
  height: 100%;
}

.grid-6 .grid-1 > div::before,
.grid-6 .grid-1 > div::after {
  content: '';
  position: absolute;
  top: 0;
  left: 0;
  width: 100%;
  height: 100%;
  background: rgba(4,112,245,0.05);
}

.grid-4 {
  max-width: 100%;
  margin-right: auto;
  margin-left: auto;
  box-sizing: border-box;
}

@media (min-width:0em) {
  .grid-4 {
    padding-left: 1rem;
    padding-right: 1rem;
  }
}

@media (min-width:33.75em) {
  .grid-4 {
    padding-left: 1rem;
    padding-right: 1rem;
  }
}

@media (min-width:48em) {
  .grid-4 {
    padding-left: 1.5rem;
    padding-right: 1.5rem;
  }
}

@media (min-width:64em) {
  .grid-4 {
    padding-left: 1.5rem;
    padding-right: 1.5rem;
  }
}

@media (min-width:71.25em) {
  .grid-4 {
    padding-left: 1.5rem;
    padding-right: 1.5rem;
  }
}

@media (min-width:0em) {
  .grid-4 {
    width: 100%;
  }
}

@media (min-width:33.75em) {
  .grid-4 {
    width: 100%;
  }
}

@media (min-width:48em) {
  .grid-4 {
    width: 100%;
  }
}

@media (min-width:64em) {
  .grid-4 {
    width: 90rem;
  }
}

@media (min-width:71.25em) {
  .grid-4 {
    width: 90rem;
  }
}

.grid-2 {
  display: -webkit-box;
  display: -webkit-flex;
  display: -ms-flexbox;
  display: flex;
  -webkit-flex-wrap: wrap;
  -ms-flex-wrap: wrap;
  flex-wrap: wrap;
  box-sizing: border-box;
}

@media (min-width:0em) {
  .grid-2 {
    margin-left: -0.5rem;
    margin-right: -0.5rem;
  }
}

@media (min-width:33.75em) {
  .grid-2 {
    margin-left: -0.5rem;
    margin-right: -0.5rem;
  }
}

@media (min-width:48em) {
  .grid-2 {
    margin-left: -0.9375rem;
    margin-right: -0.9375rem;
  }
}

@media (min-width:64em) {
  .grid-2 {
    margin-left: -0.9375rem;
    margin-right: -0.9375rem;
  }
}

@media (min-width:71.25em) {
  .grid-2 {
    margin-left: -0.9375rem;
    margin-right: -0.9375rem;
  }
}

.grid-0 {
  position: relative;
  -webkit-flex-basis: 0;
  -ms-flex-preferred-size: 0;
  flex-basis: 0;
  -webkit-box-flex: 1;
  -webkit-flex-grow: 1;
  -ms-flex-positive: 1;
  flex-grow: 1;
  width: 100%;
  max-width: 100%;
  box-sizing: border-box;
}

@media (min-width:0em) {
  .grid-0 {
    padding-left: 0.5rem;
    padding-right: 0.5rem;
  }
}

@media (min-width:33.75em) {
  .grid-0 {
    padding-left: 0.5rem;
    padding-right: 0.5rem;
  }
}

@media (min-width:48em) {
  .grid-0 {
    padding-left: 0.9375rem;
    padding-right: 0.9375rem;
  }
}

@media (min-width:64em) {
  .grid-0 {
    padding-left: 0.9375rem;
    padding-right: 0.9375rem;
  }
}

@media (min-width:71.25em) {
  .grid-0 {
    padding-left: 0.9375rem;
    padding-right: 0.9375rem;
  }
}

<div
  class="grid-6 grid-7"
>
  <div
    class="grid-4 grid-5"
  >
    <div
      class="grid-2 grid-3"
    >
      <div
        class="grid-0 grid-1"
      >
        <div />
      </div>
    </div>
  </div>
</div>
`;
